// Jest Snapshot v1, https://goo.gl/fbAQLP

exports[`Loading should show the loading animation and the message 1`] = `
<div
  className="Loading"
>
  <i
    className="fa fa-cog fa-4x fa-spin"
  />
  some message
</div>
`;
